INFO:__main__:Scraping: https://housing.com/rent/19320849-900-sqft-2.5-bhk-apartment-on-rent-in-juhu-mumbai
ERROR:__main__:Blocked by Security Alert on https://housing.com/rent/19320849-900-sqft-2.5-bhk-apartment-on-rent-in-juhu-mumbai
